01-23 14:47:44 [info] [NapCat] [Core] NapCat.Core Version: 4.4.4
01-23 14:47:44 [info] 核心登录服务连接成功!
01-23 14:47:44 [info] 没有 -q 指令指定快速登录，将使用二维码登录方式
01-23 14:47:44 [info] 可用于快速登录的 QQ：
1. 3962869650 猫娘
2. 1203528476 平泛
3. 3927386973 neko
01-23 14:47:44 [info] [NapCat] [WebUi] WebUi Local Panel Url: http://127.0.0.1:6099/webui?token=2yqxxw8oe5w
01-23 14:47:44 [info] [NapCat] [WebUi] WebUi Local Panel Url: https://napcat.152710.xyz/web_login?back=http://127.0.0.1:6099&token=2yqxxw8oe5w
01-23 14:47:46 [warn] 请扫描下面的二维码，然后在手Q上授权登录：
01-23 14:47:46 [warn] 

▄▄▄▄▄▄▄▄▄▄▄▄▄▄▄▄▄▄▄▄▄▄▄▄▄▄▄▄▄▄▄▄▄▄▄
█ ▄▄▄▄▄ █▀ █▀▀▀ ▀▀▀ ▄▄▄▀▄██ ▄▄▄▄▄ █
█ █   █ █▀ ▄ █▀█ ▀██▄▀  █ █ █   █ █
█ █▄▄▄█ █▀█ █▄█▄▀▀ ▄█▄▀▀▄▀█ █▄▄▄█ █
█▄▄▄▄▄▄▄█▄█▄█ █▄▀ █ ▀ ▀▄█▄█▄▄▄▄▄▄▄█
█▄ ▄▄ █▄ ▄ ▄█▄▄▀█▄ ▀ ▀▀▀▄▄▄▀▄█▄▀ ▀█
█▀▀ █  ▄▄▀ ▀ ▄██▄▀█▄▀▀ ▄▀▄▀▀▄ ▄▀▄██
███  ▀█▄▄  ▀▄▀▄▀▄▀▀▀▀▄█▄█▄▄▀ ▄▄█▀▀█
██ █▄▄▀▄▀  ██▀██▄▀▄▀▀▄ ▀▀▀  ▀██▀▄██
█▀ █ ▀ ▄ ██ █▄▄▀▄█ ▀▀▄▄  ▄▄▀█▄▀█ ▀█
█▀▀█  ▄▄ █▀▄ ▄██▄▀▄ █▀ ▀██ ▄▀█▄▀▄██
█ ▀▄▀▄▄▄  ▀█▄▀▄▀█▀▄▄█▀▀▀ ▀█▀█▄▀█ ▀█
█ ██▄ █▄▀▀█▀█▀█▀▄██ ▀  ▀▀▀  ▄  ▀▄██
█▄██▄█▄▄█ ▄ █▄▄▀▄  █ ▀▀▄▄ ▄▄▄  ▀█ █
█ ▄▄▄▄▄ █▄▀█ ▄▄▄▄▄█▄██    █▄█ ▀ ▄██
█ █   █ █ ▄▀▄ ▄▀▄ ▀█▀▄█▄▀▄ ▄  ▄█▄██
█ █▄▄▄█ █ ▄▀█▄██ ▄█▄█▄ ▀ █▄▄ ▀▀ ▄██
█▄▄▄▄▄▄▄█▄█▄██▄█▄█▄███▄▄█▄██▄▄▄█▄██

二维码解码URL: https://txz.qq.com/p?k=kFLagL4iY1eiA0oD36nRcNiNj0yYasrn&f=1600001604
如果控制台二维码无法扫码，可以复制解码url到二维码生成网站生成二维码再扫码，也可以打开下方的二维码路径图片进行扫码。
01-23 14:47:46 [warn] 二维码已保存到 C:\Users\PingFan\Desktop\QQbot\NapCatQQ\cache\qrcode.png
01-23 14:48:00 [debug] 本账号数据/缓存目录： G:\QQFile\NapCat\data
01-23 14:48:00 [info] [Core] [Config] 配置文件创建成功!

01-23 14:48:00 [debug] [Core] [Config] 配置文件C:\Users\PingFan\Desktop\QQbot\NapCatQQ\config\napcat_3962869650.json加载 {"fileLog":false,"consoleLog":true,"fileLogLevel":"debug","consoleLogLevel":"info","packetBackend":"auto","packetServer":""}
01-23 14:48:00 [warn] [Core] [Packet] wsPacketClient 未配置服务器地址
01-23 14:48:00 [info] [Core] [Packet] 自动选择 NativePacketClient 作为后端
